nohup: ignoring input
['B1', 'B2', 'B3', 'B4', 'B5', 'B6', 'B7', 'B8', 'B8A', 'B9', 'B10', 'B11', 'B12']
Generated band B1
Generated band B2
Generated band B3
Generated band B4
Generated band B5
Generated band B6
Generated band B7
Generated band B8
Generated band B8A
Generated band B9
Generated band B10
Generated band B11
Generated band B12
['B1', 'B2', 'B3', 'B4', 'B5', 'B6', 'B7', 'B8', 'B8A', 'B9', 'B10', 'B11', 'B12']
Generated band B1
Generated band B2
Generated band B3
Generated band B4
Generated band B5
Generated band B6
Generated band B7
Generated band B8
Generated band B8A
Generated band B9
Generated band B10
Generated band B11
Generated band B12
['B1', 'B2', 'B3', 'B4', 'B5', 'B6', 'B7', 'B8', 'B8A', 'B9', 'B10', 'B11', 'B12']
Generated band B1
Generated band B2
Generated band B3
Generated band B4
Generated band B5
Generated band B6
Generated band B7
Generated band B8
Generated band B8A
Generated band B9
Generated band B10
Generated band B11
Generated band B12
['B1', 'B2', 'B3', 'B4', 'B5', 'B6', 'B7', 'B8', 'B8A', 'B9', 'B10', 'B11', 'B12']
Generated band B1
Generated band B2
Generated band B3
Generated band B4
Generated band B5
Generated band B6
Generated band B7
Generated band B8
Generated band B8A
Generated band B9
Generated band B10
Generated band B11
Generated band B12
['B1', 'B2', 'B3', 'B4', 'B5', 'B6', 'B7', 'B8', 'B8A', 'B9', 'B10', 'B11', 'B12']
Generated band B1
Generated band B2
Generated band B3
Generated band B4
Generated band B5
Generated band B6
Generated band B7
Generated band B8
Generated band B8A
Generated band B9
Generated band B10
Generated band B11
Generated band B12
['B1', 'B2', 'B3', 'B4', 'B5', 'B6', 'B7', 'B8', 'B8A', 'B9', 'B10', 'B11', 'B12']
Generated band B1
Generated band B2
Generated band B3
Generated band B4
Generated band B5
Generated band B6
Generated band B7
Generated band B8
Generated band B8A
Generated band B9
Generated band B10
Generated band B11
Generated band B12
['B1', 'B2', 'B3', 'B4', 'B5', 'B6', 'B7', 'B8', 'B8A', 'B9', 'B10', 'B11', 'B12']
Generated band B1
Generated band B2
Generated band B3
Generated band B4
Generated band B5
Generated band B6
Generated band B7
Generated band B8
Generated band B8A
Generated band B9
Generated band B10
Generated band B11
Generated band B12
Error processing NEON_S2__0621.tif: Error downloading the GeoTIFF file from Earth Engine: [Errno 2] No such file or directory: '/media/contreras/LaCie/output_neon/NEON_S2__0621/NEON_S2__0621__01/NEON_S2__0621__01__02/NEON_S2__0621__01__02__02.tif'
['B1', 'B2', 'B3', 'B4', 'B5', 'B6', 'B7', 'B8', 'B8A', 'B9', 'B10', 'B11', 'B12']
Generated band B1
Generated band B2
Generated band B3
Generated band B4
Generated band B5
Generated band B6
Generated band B7
Generated band B8
Generated band B8A
Generated band B9
Generated band B10
Generated band B11
Generated band B12
Traceback (most recent call last):
  File "/home/contreras/anaconda3/envs/deep/lib/python3.12/pathlib.py", line 1311, in mkdir
    os.mkdir(self, mode)
FileNotFoundError: [Errno 2] No such file or directory: '/media/contreras/LaCie/output_neon'

During handling of the above exception, another exception occurred:

Traceback (most recent call last):
  File "/home/contreras/Documents/GitHub/NEON/main_final_download_neon.py", line 226, in <module>
    cubexpress.getcube(
  File "/home/contreras/anaconda3/envs/deep/lib/python3.12/site-packages/cubexpress/download.py", line 328, in getcube
    output_path.mkdir(parents=True, exist_ok=True)
  File "/home/contreras/anaconda3/envs/deep/lib/python3.12/pathlib.py", line 1315, in mkdir
    self.parent.mkdir(parents=True, exist_ok=True)
  File "/home/contreras/anaconda3/envs/deep/lib/python3.12/pathlib.py", line 1311, in mkdir
    os.mkdir(self, mode)
PermissionError: [Errno 13] Permission denied: '/media/contreras/LaCie'
